▶ Packaging map-example for macOS via Apple (release)
✓ Toolchain ready
warning: patch `waterui-backend-core v0.1.2 (/Users/lexoliu/Coding/water-rs/apple-backend-worktrees/wt-parity-8/waterui/backends/core)` was not used in the crate graph
warning: patch `waterui-webview v0.4.1 (/Users/lexoliu/Coding/water-rs/apple-backend-worktrees/wt-parity-8/waterui/components/platform/webview)` was not used in the crate graph
warning: patch `block v0.1.6 (https://github.com/Dicklesworthstone/rust-block?rev=b39ae859d1ee8e8cb5eef6a516471f1578d26b96#b39ae859)` was not used in the crate graph
warning: patch `hydrolysis v0.3.0 (https://github.com/water-rs/hydrolysis?rev=1d88f06abd9acf727a19eaa2d3743670493f6547#1d88f06a)` was not used in the crate graph
warning: patch `hydrolysis-m3 v0.3.0 (https://github.com/water-rs/hydrolysis-m3?rev=2ddf27c2a9f5d0c4a04c4d586462a429eefa8bd7#2ddf27c2)` was not used in the crate graph
warning: patch `waterui-backend-core v0.1.2 (/Users/lexoliu/Coding/water-rs/apple-backend-worktrees/wt-parity-8/waterui/backends/core)` was not used in the crate graph
warning: patch `waterui-barcode v0.3.0 (https://github.com/water-rs/barcode?rev=0a7efbf3b0f37de18f4e9da678f445d0b63bb28d#0a7efbf3)` was not used in the crate graph
warning: patch `waterui-canvas v0.2.0 (https://github.com/water-rs/canvas?rev=fb4a1a1de3bae3b9da60cb475cb3a10e161e4525#fb4a1a1d)` was not used in the crate graph
warning: patch `waterui-chart v0.3.0 (https://github.com/water-rs/chart?rev=b5ec25f94728d65755de959e01800d2b54326b89#b5ec25f9)` was not used in the crate graph
warning: patch `waterui-math v0.2.0 (https://github.com/water-rs/math?rev=ffa8e42e4f04ffd2396bf0466eae46a2b9e00c53#ffa8e42e)` was not used in the crate graph
warning: patch `waterui-particle v0.2.0 (https://github.com/water-rs/particle?rev=9bd736b9ecaef4b902b8a55680d214b385e4a186#9bd736b9)` was not used in the crate graph
warning: patch `waterui-video-gpu v0.4.0 (https://github.com/water-rs/video-gpu?rev=e208a44b995883cfda7053f2cf12894e9f1a4ba9#e208a44b)` was not used in the crate graph
warning: patch `waterui-webview v0.4.1 (/Users/lexoliu/Coding/water-rs/apple-backend-worktrees/wt-parity-8/waterui/components/platform/webview)` was not used in the crate graph
help: Check that the patched package version and available features are compatible
with the dependency requirements. If the patch has a different version from
what is locked in the Cargo.lock file, run `cargo update` to use the new
version. This may also occur with an optional dependency that is not enabled.
Updating crates.io index
Blocking waiting for file lock on package cache
Blocking waiting for file lock on package cache
   Compiling libm v0.2.16 (1)
   Compiling objc2 v0.6.4 (2)
   Compiling stable_deref_trait v1.2.1 (3)
   Compiling thiserror v2.0.20 (4)
   Compiling allocator-api2 v0.2.21 (5)
   Compiling read-fonts v0.41.0 (6)
   Compiling bytes v1.12.1 (7)
   Compiling write16 v1.0.0 (8)
   Compiling yoke v0.8.3 (9)
   Compiling utf16_iter v1.0.5 (10)
   Compiling encase v0.12.1 (11)
   Compiling syntect v5.3.0 (12)
   Compiling zerovec v0.11.8 (13)
   Compiling zerotrie v0.2.5 (14)
   Compiling hashbrown v0.16.1 (15)
   Compiling http v1.5.0 (16)
   Compiling bytestr v0.3.1 (17)
   Compiling as-slice v0.2.1 (18)
   Compiling tinystr v0.8.4 (19)
   Compiling potential_utf v0.1.6 (20)
   Compiling icu_pattern v0.5.0 (21)
   Compiling num-traits v0.2.19 (22)
   Compiling icu_locale_core v2.3.0 (23)
   Compiling icu_collections v2.3.0 (24)
   Compiling block2 v0.6.2 (25)
   Compiling core_maths v0.1.1 (26)
   Compiling http-body v1.1.0 (27)
   Compiling calendrical_calculations v0.2.4 (28)
   Compiling dispatch2 v0.3.1 (29)
   Compiling hyper v1.11.0 (30)
   Compiling half v2.7.1 (31)
   Compiling nami v0.11.2 (32)
   Compiling euclid v0.22.14 (33)
   Compiling objc2-core-foundation v0.3.2 (34)
   Compiling naga v29.0.4 (35)
   Compiling tiff v0.11.3 (36)
   Compiling guillotiere v0.7.0 (37)
   Compiling icu_provider v2.3.0 (38)
   Compiling moxcms v0.8.1 (39)
   Compiling vello_common v0.2.0 (40)
   Compiling icu_locale_fallback v2.3.0 (41)
   Compiling icu_properties v2.3.0 (42)
   Compiling icu_normalizer v2.3.0 (43)
   Compiling waterui-core v0.3.2 (44)
   Compiling objc2-foundation v0.3.2 (45)
   Compiling objc2-core-text v0.3.2 (46)
   Compiling icu_calendar v2.3.0 (47)
   Compiling mp4parse v0.17.0 (48)
   Compiling icu_plurals v2.3.0 (49)
   Compiling idna_adapter v1.2.2 (50)
   Compiling icu_decimal v2.3.0 (51)
   Compiling icu_locale v2.3.0 (52)
   Compiling idna v1.1.0 (53)
   Compiling icu_list v2.3.0 (54)
   Compiling num-integer v0.1.47 (55)
   Compiling url v2.5.8 (56)
   Compiling http-body-util v0.1.5 (57)
   Compiling icu_time v2.3.0 (58)
   Compiling tungstenite v0.29.0 (59)
   Compiling http-kit v0.4.2 (60)
   Compiling num-bigint v0.4.8 (61)
   Compiling icu_datetime v2.3.0 (62)
   Compiling async-native-tls v0.5.0 (63)
   Compiling hyper-util v0.1.20 (64)
   Compiling async-tungstenite v0.34.1 (65)
   Compiling objc2-core-audio-types v0.3.2 (66)
   Compiling zenwave v0.6.1 (67)
   Compiling objc2-core-audio v0.3.2 (68)
   Compiling num-rational v0.4.2 (69)
   Compiling two-face v0.5.2+bat-0.26.1 (70)
   Compiling v_frame v0.3.9 (71)
   Compiling image v0.25.10 (72)
   Compiling aligned v0.4.3 (73)
   Compiling av1-grain v0.2.5 (74)
   Compiling av-scenechange v0.14.1 (75)
   Compiling skrifa v0.44.0 (76)
   Compiling num-iter v0.1.46 (77)
   Compiling waterkit-core v0.1.4 (78)
   Compiling waterui-url v0.3.1 (79)
   Compiling num-complex v0.4.6 (80)
   Compiling rav1e v0.8.1 (81)
   Compiling num v0.4.3 (82)
   Compiling waterkit-fs v0.1.4 (83)
   Compiling yuv v0.8.17 (84)
   Compiling waterkit-video-core v0.1.4 (85)
   Compiling icu_segmenter_data v2.3.0 (86)
   Compiling heapless v0.8.0 (87)
   Compiling waterui-locale v0.1.2 (88)
   Compiling mp4-atom v0.14.0 (89)
   Compiling objc2-media-toolbox v0.3.2 (90)
   Compiling objc2-image-io v0.3.2 (91)
   Compiling hash32 v0.3.1 (92)
   Compiling icu_collator_data v2.3.0 (93)
   Compiling icu_casemap_data v2.3.0 (94)
   Compiling wgpu-naga-bridge v29.0.4 (95)
   Compiling waterui-video v0.3.2 (96)
   Compiling glifo v0.3.0 (97)
   Compiling vello_encoding v0.9.0 (98)
   Compiling waterkit-location v0.1.4 (99)
   Compiling getrandom v0.2.17 (100)
   Compiling rand_core v0.6.4 (101)
   Compiling native-executor v0.8.0 (102)
   Compiling icu_segmenter v2.3.0 (103)
   Compiling rstar v0.12.2 (104)
   Compiling vello_cpu v0.2.0 (105)
   Compiling waterkit-permission v0.1.4 (106)
   Compiling waterui-assets-core v0.1.0 (107)
   Compiling approx v0.5.1 (108)
   Compiling i_float v1.15.0 (109)
   Compiling geo-types v0.7.20 (110)
   Compiling vello_shaders v0.9.0 (111)
   Compiling i_shape v1.14.0 (112)
   Compiling icu_casemap v2.3.0 (113)
   Compiling icu_collator v2.3.0 (114)
   Compiling rand_chacha v0.3.1 (115)
   Compiling waterui-inspector-protocol v0.1.2 (116)
   Compiling prost-derive v0.13.5 (117)
   Compiling i_key_sort v0.6.0 (118)
   Compiling mvt-reader v2.4.0 (119)
   Compiling parlance v0.1.0 (120)
   Compiling i_tree v0.16.0 (121)
   Compiling prost v0.13.5 (122)
   Compiling rand v0.8.7 (123)
   Compiling i_overlay v4.0.7 (124)
   Compiling waterui-icons-lucide v0.1.2 (125)
   Compiling waterui-map v0.1.2 (126)
   Compiling icu v2.3.0 (127)
   Compiling harfrust v0.12.0 (128)
   Compiling parley_data v0.11.1 (129)
   Compiling geographiclib-rs v0.2.7 (130)
   Compiling objc2-metal v0.3.2 (131)
   Compiling objc2-core-image v0.3.2 (132)
   Compiling objc2-core-data v0.3.2 (133)
   Compiling objc2-cloud-kit v0.3.2 (134)
   Compiling objc2-io-surface v0.3.2 (135)
   Compiling objc2-avf-audio v0.3.2 (136)
   Compiling fontique v0.11.1 (137)
   Compiling waterui-map-gpu v0.3.0 (138)
   Compiling sif-itree v0.4.1 (139)
   Compiling robust v1.2.0 (140)
   Compiling float_next_after v1.0.0 (141)
   Compiling geo v0.32.0 (142)
   Compiling maplibre-expr v0.3.2 (143)
   Compiling lru v0.16.4 (144)
   Compiling waterui-ffi v0.3.2 (145)
   Compiling waterkit-audio v0.1.4 (146)
   Compiling map-example-ffi-88d39a5b v0.1.0 (147)
   Compiling parley v0.11.1 (148)
   Compiling objc2-quartz-core v0.3.2 (149)
   Compiling objc2-core-graphics v0.3.2 (150)
   Compiling raw-window-metal v1.1.0 (151)
   Compiling wgpu-hal v29.0.4 (152)
   Compiling objc2-core-video v0.3.2 (153)
   Compiling objc2-app-kit v0.3.2 (154)
   Compiling objc2-core-media v0.3.2 (155)
   Compiling objc2-av-foundation v0.3.2 (156)
   Compiling objc2-video-toolbox v0.3.2 (157)
   Compiling wgpu-core-deps-apple v29.0.4 (158)
   Compiling wgpu-core v29.0.4 (159)
   Compiling wgpu v29.0.4 (160)
   Compiling shaderloom v0.1.2 (161)
   Compiling vello v0.9.0 (162)
   Compiling vello_hybrid v0.2.0 (163)
   Compiling filtrate v0.2.0 (164)
   Compiling waterkit-codec v0.1.4 (165)
   Compiling waterui-graphics v0.4.1 (166)
   Compiling waterui-layout v0.3.2 (167)
   Compiling waterui-shape v0.1.2 (168)
   Compiling waterui-svg v0.4.0 (169)
   Compiling waterui-image v0.5.0 (170)
   Compiling arboard v3.6.1 (171)
   Compiling rfd v0.17.2 (172)
   Compiling xcap v0.9.8 (173)
   Compiling robius-open v0.3.1 (174)
   Compiling waterui-text v0.4.1 (175)
   Compiling waterkit-screen v0.1.4 (176)
   Compiling waterkit-dialog v0.1.4 (177)
   Compiling waterui-icon v0.3.2 (178)
   Compiling waterui-controls v0.3.2 (179)
   Compiling waterui-media v0.3.2 (180)
   Compiling waterui-form v0.3.2 (181)
   Compiling waterui-navigation v0.3.2 (182)
   Compiling waterui-assets v0.1.2 (183)
   Compiling waterui-internal v0.4.1 (184)
   Compiling waterui v0.4.1 (185)
   Compiling map-example v0.1.0 (186)
Finished `release` profile [optimized] target(s) in 2m 13s
✓ Built Rust library
   Compiling objc2 v0.6.4 (1)
   Compiling icu_collections v2.3.0 (2)
   Compiling allocator-api2 v0.2.21 (3)
   Compiling read-fonts v0.41.0 (4)
   Compiling utf16_iter v1.0.5 (5)
   Compiling write16 v1.0.0 (6)
   Compiling icu_calendar v2.3.0 (7)
   Compiling icu_decimal v2.3.0 (8)
   Compiling icu_list v2.3.0 (9)
   Compiling icu_segmenter_data v2.3.0 (10)
   Compiling hashbrown v0.16.1 (11)
   Compiling heapless v0.8.0 (12)
   Compiling icu_properties v2.3.0 (13)
   Compiling icu_normalizer v2.3.0 (14)
   Compiling icu_locale v2.3.0 (15)
   Compiling naga v29.0.4 (16)
   Compiling icu_time v2.3.0 (17)
   Compiling block2 v0.6.2 (18)
   Compiling idna_adapter v1.2.2 (19)
   Compiling dispatch2 v0.3.1 (20)
   Compiling icu_datetime v2.3.0 (21)
   Compiling idna v1.1.0 (22)
   Compiling objc2-core-foundation v0.3.2 (23)
   Compiling url v2.5.8 (24)
   Compiling async-native-tls v0.5.0 (25)
   Compiling objc2-foundation v0.3.2 (26)
   Compiling objc2-core-text v0.3.2 (27)
   Compiling objc2-core-audio-types v0.3.2 (28)
   Compiling zenwave v0.6.1 (29)
   Compiling objc2-core-audio v0.3.2 (30)
   Compiling skrifa v0.44.0 (31)
   Compiling hash32 v0.3.1 (32)
   Compiling icu_collator_data v2.3.0 (33)
   Compiling icu_casemap_data v2.3.0 (34)
   Compiling waterui-url v0.3.1 (35)
   Compiling wgpu-naga-bridge v29.0.4 (36)
   Compiling objc2-image-io v0.3.2 (37)
   Compiling objc2-media-toolbox v0.3.2 (38)
   Compiling getrandom v0.2.17 (39)
   Compiling waterui-locale v0.1.2 (40)
   Compiling vello_encoding v0.9.0 (41)
   Compiling vello_shaders v0.9.0 (42)
   Compiling glifo v0.3.0 (43)
   Compiling rand_core v0.6.4 (44)
   Compiling waterui-video v0.3.2 (45)
   Compiling rstar v0.12.2 (46)
   Compiling icu_segmenter v2.3.0 (47)
   Compiling waterkit-location v0.1.4 (48)
   Compiling approx v0.5.1 (49)
   Compiling i_float v1.15.0 (50)
   Compiling native-executor v0.8.0 (51)
   Compiling i_shape v1.14.0 (52)
   Compiling objc2-metal v0.3.2 (53)
   Compiling objc2-core-image v0.3.2 (54)
   Compiling objc2-cloud-kit v0.3.2 (55)
   Compiling objc2-core-data v0.3.2 (56)
   Compiling objc2-io-surface v0.3.2 (57)
   Compiling objc2-avf-audio v0.3.2 (58)
   Compiling geo-types v0.7.20 (59)
   Compiling rand_chacha v0.3.1 (60)
   Compiling icu_collator v2.3.0 (61)
   Compiling icu_casemap v2.3.0 (62)
   Compiling waterui-assets-core v0.1.0 (63)
   Compiling prost-derive v0.13.5 (64)
   Compiling i_tree v0.16.0 (65)
   Compiling i_key_sort v0.6.0 (66)
   Compiling parlance v0.1.0 (67)
   Compiling mvt-reader v2.4.0 (68)
   Compiling fontique v0.11.1 (69)
   Compiling objc2-quartz-core v0.3.2 (70)
   Compiling raw-window-metal v1.1.0 (71)
   Compiling wgpu-hal v29.0.4 (72)
   Compiling objc2-core-graphics v0.3.2 (73)
   Compiling wgpu-core-deps-apple v29.0.4 (74)
   Compiling wgpu-core v29.0.4 (75)
   Compiling objc2-core-video v0.3.2 (76)
   Compiling i_overlay v4.0.7 (77)
   Compiling objc2-app-kit v0.3.2 (78)
   Compiling objc2-core-media v0.3.2 (79)
   Compiling objc2-video-toolbox v0.3.2 (80)
   Compiling objc2-av-foundation v0.3.2 (81)
   Compiling icu v2.3.0 (82)
   Compiling waterui-icons-lucide v0.1.2 (83)
   Compiling rand v0.8.7 (84)
   Compiling harfrust v0.12.0 (85)
   Compiling parley_data v0.11.1 (86)
   Compiling waterui-map-gpu v0.3.0 (87)
   Compiling geographiclib-rs v0.2.7 (88)
   Compiling wgpu v29.0.4 (89)
   Compiling prost v0.13.5 (90)
   Compiling float_next_after v1.0.0 (91)
   Compiling sif-itree v0.4.1 (92)
   Compiling robust v1.2.0 (93)
   Compiling geo v0.32.0 (94)
   Compiling shaderloom v0.1.2 (95)
   Compiling filtrate v0.2.0 (96)
   Compiling vello_hybrid v0.2.0 (97)
   Compiling vello v0.9.0 (98)
   Compiling waterui-graphics v0.4.1 (99)
   Compiling waterkit-codec v0.1.4 (100)
   Compiling parley v0.11.1 (101)
   Compiling waterui-layout v0.3.2 (102)
   Compiling waterui-shape v0.1.2 (103)
   Compiling waterui-svg v0.4.0 (104)
   Compiling waterui-image v0.5.0 (105)
   Compiling waterui-map v0.1.2 (106)
   Compiling maplibre-expr v0.3.2 (107)
   Compiling arboard v3.6.1 (108)
   Compiling rfd v0.17.2 (109)
   Compiling waterui-text v0.4.1 (110)
   Compiling waterui-icon v0.3.2 (111)
   Compiling waterui-controls v0.3.2 (112)
   Compiling waterkit-dialog v0.1.4 (113)
   Compiling waterui-media v0.3.2 (114)
   Compiling xcap v0.9.8 (115)
   Compiling waterui-assets v0.1.2 (116)
   Compiling waterkit-screen v0.1.4 (117)
   Compiling waterui-form v0.3.2 (118)
   Compiling waterui-navigation v0.3.2 (119)
   Compiling robius-open v0.3.1 (120)
   Compiling lru v0.16.4 (121)
   Compiling waterui-internal v0.4.1 (122)
   Compiling waterui v0.4.1 (123)
   Compiling map-example v0.1.0 (124)
Finished `dev` profile [unoptimized + debuginfo] target(s) in 51.01s
✓ Packaged at /Users/lexoliu/.water/build_cache/Users/lexoliu/Coding/water-rs/apple-backend-worktrees/wt-parity-8/waterui/examples/map/managed_backends/apple/DerivedData/Build/Products/Release/Map Example.app
