=== packaging animation ===
=== animation FAILED ===
=== packaging chromium ===
=== chromium FAILED ===
=== packaging drag_drop ===
=== drag_drop OK ===
=== packaging edge_layout ===
=== edge_layout OK ===
=== packaging edge_list ===
=== edge_list OK ===
=== packaging edge_text ===
=== edge_text OK ===
=== packaging filter ===
=== filter OK ===
=== packaging flow_markdown ===
=== flow_markdown OK ===
=== packaging form ===
=== form OK ===
=== packaging gallery ===
=== gallery OK ===
=== packaging gesture ===
=== gesture OK ===
=== packaging gradient ===
=== gradient OK ===
=== packaging hover ===
=== hover OK ===
=== packaging icons ===
=== icons OK ===
=== packaging liquid_glass ===
=== liquid_glass OK ===
=== packaging list ===
=== list OK ===
=== packaging locale ===
=== locale OK ===
=== packaging map ===
=== map FAILED ===
=== packaging markdown ===
=== markdown OK ===
=== packaging media_picker ===
=== media_picker OK ===
=== packaging menu ===
=== menu OK ===
=== packaging multi_window ===
=== multi_window OK ===
=== packaging navigation ===
=== navigation OK ===
=== packaging picker ===
=== picker OK ===
=== packaging reminders ===
=== reminders OK ===
=== packaging reply ===
=== reply OK ===
=== packaging shape ===
=== shape OK ===
=== packaging snackbar ===
=== snackbar OK ===
=== packaging starfield ===
=== starfield OK ===
=== packaging stress ===
=== stress OK ===
=== packaging typography-rtl ===
=== typography-rtl OK ===
=== packaging video_player ===
=== video_player OK ===
=== packaging waterkit_camera_filters ===
=== waterkit_camera_filters OK ===
=== packaging webview ===
=== webview OK ===
=== packaging webview-cef ===
=== webview-cef OK ===
ALL DONE
