=== packaging animation ===
=== animation OK ===
=== packaging chromium ===
=== chromium OK ===
skip drag_drop (already packaged)
skip edge_layout (already packaged)
skip edge_list (already packaged)
skip edge_text (already packaged)
skip filter (already packaged)
skip flow_markdown (already packaged)
skip form (already packaged)
skip gallery (already packaged)
skip gesture (already packaged)
skip gradient (already packaged)
skip hover (already packaged)
skip icons (already packaged)
skip liquid_glass (already packaged)
skip list (already packaged)
skip locale (already packaged)
=== packaging map ===
=== map OK ===
skip markdown (already packaged)
skip media_picker (already packaged)
skip menu (already packaged)
skip multi_window (already packaged)
skip navigation (already packaged)
skip picker (already packaged)
skip reminders (already packaged)
skip reply (already packaged)
skip shape (already packaged)
skip snackbar (already packaged)
skip starfield (already packaged)
skip stress (already packaged)
skip typography-rtl (already packaged)
skip video_player (already packaged)
skip waterkit_camera_filters (already packaged)
skip webview (already packaged)
skip webview-cef (already packaged)
ALL DONE
