skip animation (already packaged)
skip chromium (already packaged)
=== packaging drag_drop ===
=== drag_drop OK ===
=== packaging edge_layout ===
=== edge_layout OK ===
=== packaging edge_list ===
=== edge_list OK ===
=== packaging edge_text ===
=== edge_text OK ===
=== packaging filter ===
=== filter OK ===
=== packaging flow_markdown ===
=== flow_markdown OK ===
=== packaging form ===
=== form OK ===
=== packaging gallery ===
=== gallery OK ===
=== packaging gesture ===
=== gesture OK ===
=== packaging gradient ===
=== gradient OK ===
=== packaging hover ===
=== hover OK ===
=== packaging icons ===
=== icons OK ===
=== packaging liquid_glass ===
=== liquid_glass OK ===
=== packaging list ===
=== list OK ===
=== packaging locale ===
=== locale OK ===
skip map (already packaged)
skip markdown (already packaged)
skip media_picker (already packaged)
skip menu (already packaged)
skip multi_window (already packaged)
skip navigation (already packaged)
skip picker (already packaged)
skip reminders (already packaged)
skip reply (already packaged)
skip shape (already packaged)
skip snackbar (already packaged)
skip starfield (already packaged)
skip stress (already packaged)
skip typography-rtl (already packaged)
skip video_player (already packaged)
skip waterkit_camera_filters (already packaged)
skip webview (already packaged)
skip webview-cef (already packaged)
ALL DONE
