▶ Packaging chromium-example for macOS via Apple (release)
✓ Toolchain ready
warning: patch `block v0.1.6 (https://github.com/Dicklesworthstone/rust-block?rev=b39ae859d1ee8e8cb5eef6a516471f1578d26b96#b39ae859)` was not used in the crate graph
warning: patch `hydrolysis v0.3.0 (https://github.com/water-rs/hydrolysis?rev=1d88f06abd9acf727a19eaa2d3743670493f6547#1d88f06a)` was not used in the crate graph
warning: patch `hydrolysis-m3 v0.3.0 (https://github.com/water-rs/hydrolysis-m3?rev=2ddf27c2a9f5d0c4a04c4d586462a429eefa8bd7#2ddf27c2)` was not used in the crate graph
warning: patch `waterui-backend-core v0.1.2 (/Users/lexoliu/Coding/water-rs/apple-backend-worktrees/wt-parity-8/waterui/backends/core)` was not used in the crate graph
warning: patch `waterui-barcode v0.3.0 (https://github.com/water-rs/barcode?rev=0a7efbf3b0f37de18f4e9da678f445d0b63bb28d#0a7efbf3)` was not used in the crate graph
warning: patch `waterui-canvas v0.2.0 (https://github.com/water-rs/canvas?rev=fb4a1a1de3bae3b9da60cb475cb3a10e161e4525#fb4a1a1d)` was not used in the crate graph
warning: patch `waterui-chart v0.3.0 (https://github.com/water-rs/chart?rev=b5ec25f94728d65755de959e01800d2b54326b89#b5ec25f9)` was not used in the crate graph
warning: patch `waterui-map v0.1.2 (/Users/lexoliu/Coding/water-rs/apple-backend-worktrees/wt-parity-8/waterui/components/data/map)` was not used in the crate graph
warning: patch `waterui-map-gpu v0.3.0 (https://github.com/water-rs/map-gpu?rev=fa83ba7be6feb932d15cd37f14810ab79653f4aa#fa83ba7b)` was not used in the crate graph
warning: patch `waterui-math v0.2.0 (https://github.com/water-rs/math?rev=ffa8e42e4f04ffd2396bf0466eae46a2b9e00c53#ffa8e42e)` was not used in the crate graph
warning: patch `waterui-particle v0.2.0 (https://github.com/water-rs/particle?rev=9bd736b9ecaef4b902b8a55680d214b385e4a186#9bd736b9)` was not used in the crate graph
warning: patch `waterui-video-gpu v0.4.0 (https://github.com/water-rs/video-gpu?rev=e208a44b995883cfda7053f2cf12894e9f1a4ba9#e208a44b)` was not used in the crate graph
warning: patch `waterui-backend-core v0.1.2 (/Users/lexoliu/Coding/water-rs/apple-backend-worktrees/wt-parity-8/waterui/backends/core)` was not used in the crate graph
warning: patch `waterui-map v0.1.2 (/Users/lexoliu/Coding/water-rs/apple-backend-worktrees/wt-parity-8/waterui/components/data/map)` was not used in the crate graph
help: Check that the patched package version and available features are compatible
with the dependency requirements. If the patch has a different version from
what is locked in the Cargo.lock file, run `cargo update` to use the new
version. This may also occur with an optional dependency that is not enabled.
Updating crates.io index
   Compiling either v1.17.0 (1)
   Compiling proc-macro2 v1.0.107 (2)
   Compiling quote v1.0.47 (3)
   Compiling chromiumoxide_types v0.9.1 (4)
   Compiling regex v1.13.1 (5)
   Compiling heck v0.5.0 (6)
   Compiling waterui-browser-cef v0.2.1 (7)
   Compiling waterui-ffi v0.3.2 (8)
   Compiling writeable v0.6.4 (9)
   Compiling rayon v1.12.0 (10)
   Compiling itertools v0.14.0 (11)
   Compiling chromium-example-ffi-ea1d8571 v0.1.0 (12)
   Compiling icu_locale_core v2.3.0 (13)
   Compiling potential_utf v0.1.6 (14)
   Compiling fixed_decimal v0.7.2 (15)
   Compiling icu_collections v2.3.0 (16)
   Compiling icu_pattern v0.5.0 (17)
   Compiling chromiumoxide_pdl v0.9.1 (18)
   Compiling waterui-graphics v0.4.1 (19)
   Compiling av-scenechange v0.14.1 (20)
   Compiling maybe-rayon v0.1.1 (21)
   Compiling icu_provider v2.3.0 (22)
   Compiling rav1e v0.8.1 (23)
   Compiling icu_normalizer v2.3.0 (24)
   Compiling icu_properties v2.3.0 (25)
   Compiling icu_locale_fallback v2.3.0 (26)
   Compiling chromiumoxide_cdp v0.9.1 (27)
   Compiling icu_calendar v2.3.0 (28)
   Compiling icu_decimal v2.3.0 (29)
   Compiling icu_plurals v2.3.0 (30)
   Compiling icu_locale v2.3.0 (31)
   Compiling icu_list v2.3.0 (32)
   Compiling idna_adapter v1.2.2 (33)
   Compiling idna v1.1.0 (34)
   Compiling url v2.5.8 (35)
   Compiling icu_time v2.3.0 (36)
   Compiling icu_datetime v2.3.0 (37)
   Compiling async-native-tls v0.5.0 (38)
   Compiling zenwave v0.6.1 (39)
   Compiling waterkit-codec v0.1.4 (40)
   Compiling waterui-url v0.3.1 (41)
   Compiling waterkit-audio v0.1.4 (42)
   Compiling waterui-layout v0.3.2 (43)
   Compiling waterui-shape v0.1.2 (44)
   Compiling waterui-video v0.3.2 (45)
   Compiling waterui-assets-core v0.1.0 (46)
   Compiling waterui-webview v0.4.1 (47)
   Compiling waterui-svg v0.4.0 (48)
   Compiling waterui-image v0.5.0 (49)
   Compiling waterui-locale v0.1.2 (50)
   Compiling waterui-text v0.4.1 (51)
   Compiling waterui-icon v0.3.2 (52)
   Compiling waterui-controls v0.3.2 (53)
   Compiling waterui-media v0.3.2 (54)
   Compiling waterui-form v0.3.2 (55)
   Compiling waterui-navigation v0.3.2 (56)
   Compiling waterui-assets v0.1.2 (57)
   Compiling waterui-internal v0.4.1 (58)
   Compiling waterui v0.4.1 (59)
   Compiling waterui-chromium v0.1.2 (60)
   Compiling chromium-example v0.1.0 (61)
warning: unused import: `IntoRust`
--> /Users/lexoliu/Coding/water-rs/apple-backend-worktrees/wt-parity-8/waterui/ffi/src/components/platform/browser_cef.rs:20:22
|
20 | use crate::{IntoFFI, IntoRust};
|                      ^^^^^^^^
|
= note: `#[warn(unused_imports)]` (part of `#[warn(unused)]`) on by default
warning: `waterui-ffi` (lib) generated 1 warning (run `cargo fix --lib -p waterui-ffi` to apply 1 suggestion)
Finished `release` profile [optimized] target(s) in 1m 28s
warning: patch `waterui-backend-core v0.1.2 (/Users/lexoliu/Coding/water-rs/apple-backend-worktrees/wt-parity-8/waterui/backends/core)` was not used in the crate graph
warning: patch `waterui-map v0.1.2 (/Users/lexoliu/Coding/water-rs/apple-backend-worktrees/wt-parity-8/waterui/components/data/map)` was not used in the crate graph
warning: patch `block v0.1.6 (https://github.com/Dicklesworthstone/rust-block?rev=b39ae859d1ee8e8cb5eef6a516471f1578d26b96#b39ae859)` was not used in the crate graph
warning: patch `hydrolysis v0.3.0 (https://github.com/water-rs/hydrolysis?rev=1d88f06abd9acf727a19eaa2d3743670493f6547#1d88f06a)` was not used in the crate graph
warning: patch `hydrolysis-m3 v0.3.0 (https://github.com/water-rs/hydrolysis-m3?rev=2ddf27c2a9f5d0c4a04c4d586462a429eefa8bd7#2ddf27c2)` was not used in the crate graph
warning: patch `waterui-backend-core v0.1.2 (/Users/lexoliu/Coding/water-rs/apple-backend-worktrees/wt-parity-8/waterui/backends/core)` was not used in the crate graph
warning: patch `waterui-barcode v0.3.0 (https://github.com/water-rs/barcode?rev=0a7efbf3b0f37de18f4e9da678f445d0b63bb28d#0a7efbf3)` was not used in the crate graph
warning: patch `waterui-canvas v0.2.0 (https://github.com/water-rs/canvas?rev=fb4a1a1de3bae3b9da60cb475cb3a10e161e4525#fb4a1a1d)` was not used in the crate graph
warning: patch `waterui-chart v0.3.0 (https://github.com/water-rs/chart?rev=b5ec25f94728d65755de959e01800d2b54326b89#b5ec25f9)` was not used in the crate graph
warning: patch `waterui-map v0.1.2 (/Users/lexoliu/Coding/water-rs/apple-backend-worktrees/wt-parity-8/waterui/components/data/map)` was not used in the crate graph
warning: patch `waterui-map-gpu v0.3.0 (https://github.com/water-rs/map-gpu?rev=fa83ba7be6feb932d15cd37f14810ab79653f4aa#fa83ba7b)` was not used in the crate graph
warning: patch `waterui-math v0.2.0 (https://github.com/water-rs/math?rev=ffa8e42e4f04ffd2396bf0466eae46a2b9e00c53#ffa8e42e)` was not used in the crate graph
warning: patch `waterui-particle v0.2.0 (https://github.com/water-rs/particle?rev=9bd736b9ecaef4b902b8a55680d214b385e4a186#9bd736b9)` was not used in the crate graph
warning: patch `waterui-video-gpu v0.4.0 (https://github.com/water-rs/video-gpu?rev=e208a44b995883cfda7053f2cf12894e9f1a4ba9#e208a44b)` was not used in the crate graph
help: Check that the patched package version and available features are compatible
with the dependency requirements. If the patch has a different version from
what is locked in the Cargo.lock file, run `cargo update` to use the new
version. This may also occur with an optional dependency that is not enabled.
Updating crates.io index
   Compiling chromium-example-ffi-ea1d8571 v0.1.0 (62)
warning: unused import: `IntoRust`
--> /Users/lexoliu/Coding/water-rs/apple-backend-worktrees/wt-parity-8/waterui/ffi/src/components/platform/browser_cef.rs:20:22
|
20 | use crate::{IntoFFI, IntoRust};
|                      ^^^^^^^^
|
= note: `#[warn(unused_imports)]` (part of `#[warn(unused)]`) on by default
warning: `waterui-ffi` (lib) generated 1 warning (run `cargo fix --lib -p waterui-ffi` to apply 1 suggestion)
Finished `release` profile [optimized] target(s) in 39.48s
✓ Built Rust library
   Compiling either v1.17.0 (1)
   Compiling cef-dll-sys v150.2.1+150.0.14 (2)
   Compiling chromiumoxide_types v0.9.1 (3)
   Compiling regex v1.13.1 (4)
   Compiling waterui-browser-cef v0.2.1 (5)
   Compiling writeable v0.6.4 (6)
   Compiling rayon v1.12.0 (7)
   Compiling itertools v0.14.0 (8)
   Compiling chromiumoxide_pdl v0.9.1 (9)
   Compiling icu_locale_core v2.3.0 (10)
   Compiling potential_utf v0.1.6 (11)
   Compiling icu_collections v2.3.0 (12)
   Compiling fixed_decimal v0.7.2 (13)
   Compiling icu_pattern v0.5.0 (14)
   Compiling icu_provider v2.3.0 (15)
   Compiling chromiumoxide_cdp v0.9.1 (16)
   Compiling icu_properties v2.3.0 (17)
   Compiling icu_locale_fallback v2.3.0 (18)
   Compiling icu_normalizer v2.3.0 (19)
   Compiling waterui-graphics v0.4.1 (20)
   Compiling icu_calendar v2.3.0 (21)
   Compiling idna_adapter v1.2.2 (22)
   Compiling idna v1.1.0 (23)
   Compiling icu_plurals v2.3.0 (24)
   Compiling url v2.5.8 (25)
   Compiling async-native-tls v0.5.0 (26)
   Compiling icu_time v2.3.0 (27)
   Compiling zenwave v0.6.1 (28)
   Compiling waterui-layout v0.3.2 (29)
   Compiling icu_decimal v2.3.0 (30)
   Compiling icu_list v2.3.0 (31)
   Compiling icu_datetime v2.3.0 (32)
   Compiling icu_locale v2.3.0 (33)
   Compiling av-scenechange v0.14.1 (34)
   Compiling maybe-rayon v0.1.1 (35)
   Compiling waterui-url v0.3.1 (36)
   Compiling waterui-shape v0.1.2 (37)
   Compiling rav1e v0.8.1 (38)
   Compiling waterui-svg v0.4.0 (39)
   Compiling waterui-video v0.3.2 (40)
   Compiling waterui-assets-core v0.1.0 (41)
   Compiling waterui-webview v0.4.1 (42)
   Compiling cef v150.2.1+150.0.14 (43)
   Compiling waterkit-codec v0.1.4 (44)
   Compiling waterui-locale v0.1.2 (45)
   Compiling waterui-text v0.4.1 (46)
   Compiling waterui-image v0.5.0 (47)
   Compiling waterui-icon v0.3.2 (48)
   Compiling waterui-controls v0.3.2 (49)
   Compiling waterui-media v0.3.2 (50)
   Compiling waterui-form v0.3.2 (51)
   Compiling waterui-assets v0.1.2 (52)
   Compiling waterui-navigation v0.3.2 (53)
   Compiling waterui-internal v0.4.1 (54)
   Compiling waterui v0.4.1 (55)
   Compiling waterui-chromium v0.1.2 (56)
   Compiling chromium-example v0.1.0 (57)
Finished `dev` profile [unoptimized + debuginfo] target(s) in 40.78s
✓ Packaged at /Users/lexoliu/.water/build_cache/Users/lexoliu/Coding/water-rs/apple-backend-worktrees/wt-parity-8/waterui/examples/chromium/managed_backends/apple/DerivedData/Build/Products/Release/Chromium and CDP Example.app
